[memory] SQLite active at: C:\Users\schac\Documents\antigravity folders\graviyclaw\memory.db
Testing user message: erstelle einen task f├╝r wocheneinkauf
[semantic] Loading embedding model Xenova/all-MiniLM-L6-v2...
node.exe : 
(node:27808) [DEP0040] 
DeprecationWarning: 
The `punycode` module 
is deprecated. Please 
use a userland 
alternative instead.
At line:1 char:1
+ & "C:\Program 
Files\nodejs/node.exe" 
"C:\Program 
Files\nodejs/node_mo 
...
+ ~~~~~~~~~~~~~~~~~~~~~
~~~~~~~~~~~~~~~~~~~~~~~
~~~~~~~~~~~~~~~~~~~~~~~
~~
    + CategoryInfo     
         : 
NotSpecified: ((no    
de:27808) [D...native  
   instead.:String) 
[], R    emoteException
    + 
FullyQualifiedErrorI   
 d : NativeCommandError
 
(Use `node 
--trace-deprecation 
...` to show where the 
warning was created)
[semantic] Model loaded successfully.
[orchestrator] Routing to STANDARD model (nvidia/llama-nemotron OR)
[agent] Selected model for this turn: openrouter/nvidia/llama-nemotron-embed-vl-1b-v2:free
[llm] Routing to OpenRouter API: nvidia/llama-nemotron-embed-vl-1b-v2:free
[llm] Router 
error(400):  400 nvidia
/llama-nemotron-embed-v
l-1b-v2:free is an 
embedding model and 
cannot be used with 
the chat/completions 
endpoint. Use the 
/embeddings endpoint 
instead.
ERROR: 
BadRequestError: 400 nv
idia/llama-nemotron-emb
ed-vl-1b-v2:free is an 
embedding model and 
cannot be used with 
the chat/completions 
endpoint. Use the 
/embeddings endpoint 
instead.
    at 
APIError.generate (C:\U
sers\schac\Documents\an
tigravity folders\gravi
yclaw\node_modules\open
ai\src\error.ts:72:14)
    at 
OpenAI.makeStatusError 
(C:\Users\schac\Documen
ts\antigravity folders\
graviyclaw\node_modules
\openai\src\core.ts:462
:21)
    at 
OpenAI.makeRequest (C:\
Users\schac\Documents\a
ntigravity folders\grav
iyclaw\node_modules\ope
nai\src\core.ts:526:24)
    at process.processT
icksAndRejections (node
:internal/process/task_
queues:103:5)
    at async callLLM (C
:\Users\schac\Documents
\antigravity folders\gr
aviyclaw\src\llm\openro
uter.ts:164:20)
    at async 
runAgentLoop (C:\Users\
schac\Documents\antigra
vity folders\graviyclaw
\src\agent\loop.ts:196:
30)
    at async test (C:\U
sers\schac\Documents\an
tigravity folders\gravi
yclaw\test_agent.ts:15:
23) {
  status: 400,
  headers: {
    'access-control-all
ow-origin': '*',
    'cf-ray': 
'9d421f866e4ab084-FRA',
    connection: 
'keep-alive',
    'content-type': 
'application/json',
    date: 'Thu, 26 Feb 
2026 20:16:57 GMT',
    
'permissions-policy': 
'payment=(self "https:/
/checkout.stripe.com" "
https://connect-js.stri
pe.com" "https://js.str
ipe.com" "https://*.js.
stripe.com" "https://ho
oks.stripe.com")',
    'referrer-policy': 
'no-referrer, strict-or
igin-when-cross-origin'
,
    server: 
'cloudflare',
    
'transfer-encoding': 
'chunked',
    'x-content-type-opt
ions': 'nosniff'
  },
  request_id: 
undefined,
  error: {
    message: 'nvidia/ll
ama-nemotron-embed-vl-1
b-v2:free is an 
embedding model and 
cannot be used with 
the chat/completions 
endpoint. Use the 
/embeddings endpoint 
instead.',
    code: 400
  },
  code: 400,
  param: undefined,
  type: undefined
}
